------------------------------------------------------------
Timing Analyzer Summary
------------------------------------------------------------

Type  : Slow 1200mV 85C Model Setup 'CLK'
Slack : -37.293
TNS   : -3831.921

Type  : Slow 1200mV 85C Model Setup 'RESET'
Slack : -28.334
TNS   : -406.430

Type  : Slow 1200mV 85C Model Hold 'RESET'
Slack : -9.412
TNS   : -116.114

Type  : Slow 1200mV 85C Model Hold 'CLK'
Slack : -0.822
TNS   : -1.199

Type  : Slow 1200mV 85C Model Recovery 'RESET'
Slack : -2.865
TNS   : -2.865

Type  : Slow 1200mV 85C Model Recovery 'CLK'
Slack : -2.782
TNS   : -41.783

Type  : Slow 1200mV 85C Model Removal 'RESET'
Slack : -10.048
TNS   : -144.404

Type  : Slow 1200mV 85C Model Removal 'CLK'
Slack : -1.101
TNS   : -19.982

Type  : Slow 1200mV 85C Model Minimum Pulse Width 'RESET'
Slack : -5.848
TNS   : -951.601

Type  : Slow 1200mV 85C Model Minimum Pulse Width 'CLK'
Slack : -3.000
TNS   : -202.226

Type  : Slow 1200mV 0C Model Setup 'CLK'
Slack : -34.468
TNS   : -3529.973

Type  : Slow 1200mV 0C Model Setup 'RESET'
Slack : -26.239
TNS   : -374.598

Type  : Slow 1200mV 0C Model Hold 'RESET'
Slack : -8.626
TNS   : -106.697

Type  : Slow 1200mV 0C Model Hold 'CLK'
Slack : -0.769
TNS   : -1.120

Type  : Slow 1200mV 0C Model Recovery 'RESET'
Slack : -2.705
TNS   : -2.705

Type  : Slow 1200mV 0C Model Recovery 'CLK'
Slack : -2.482
TNS   : -36.643

Type  : Slow 1200mV 0C Model Removal 'RESET'
Slack : -9.172
TNS   : -132.259

Type  : Slow 1200mV 0C Model Removal 'CLK'
Slack : -0.905
TNS   : -16.191

Type  : Slow 1200mV 0C Model Minimum Pulse Width 'RESET'
Slack : -5.269
TNS   : -867.141

Type  : Slow 1200mV 0C Model Minimum Pulse Width 'CLK'
Slack : -3.000
TNS   : -202.226

Type  : Fast 1200mV 0C Model Setup 'CLK'
Slack : -16.343
TNS   : -1683.674

Type  : Fast 1200mV 0C Model Setup 'RESET'
Slack : -12.226
TNS   : -176.518

Type  : Fast 1200mV 0C Model Hold 'RESET'
Slack : -4.323
TNS   : -52.402

Type  : Fast 1200mV 0C Model Hold 'CLK'
Slack : -0.389
TNS   : -1.079

Type  : Fast 1200mV 0C Model Recovery 'CLK'
Slack : -1.374
TNS   : -19.148

Type  : Fast 1200mV 0C Model Recovery 'RESET'
Slack : -0.888
TNS   : -0.888

Type  : Fast 1200mV 0C Model Removal 'RESET'
Slack : -4.615
TNS   : -64.784

Type  : Fast 1200mV 0C Model Removal 'CLK'
Slack : -0.773
TNS   : -16.983

Type  : Fast 1200mV 0C Model Minimum Pulse Width 'RESET'
Slack : -3.000
TNS   : -382.219

Type  : Fast 1200mV 0C Model Minimum Pulse Width 'CLK'
Slack : -3.000
TNS   : -152.997

------------------------------------------------------------
