------------------------------------------------------------
Timing Analyzer Summary
------------------------------------------------------------

Type  : Slow 1200mV 85C Model Setup 'CLK'
Slack : -41.042
TNS   : -4006.149

Type  : Slow 1200mV 85C Model Setup 'RESET'
Slack : -38.363
TNS   : -63332.558

Type  : Slow 1200mV 85C Model Hold 'RESET'
Slack : -10.584
TNS   : -10098.402

Type  : Slow 1200mV 85C Model Hold 'CLK'
Slack : -0.769
TNS   : -3.320

Type  : Slow 1200mV 85C Model Recovery 'CLK'
Slack : -0.541
TNS   : -7.791

Type  : Slow 1200mV 85C Model Recovery 'RESET'
Slack : 0.553
TNS   : 0.000

Type  : Slow 1200mV 85C Model Removal 'RESET'
Slack : -8.741
TNS   : -107.481

Type  : Slow 1200mV 85C Model Removal 'CLK'
Slack : -0.895
TNS   : -24.762

Type  : Slow 1200mV 85C Model Minimum Pulse Width 'RESET'
Slack : -7.810
TNS   : -103491.912

Type  : Slow 1200mV 85C Model Minimum Pulse Width 'CLK'
Slack : -3.000
TNS   : -178.375

Type  : Slow 1200mV 0C Model Setup 'CLK'
Slack : -38.225
TNS   : -3722.170

Type  : Slow 1200mV 0C Model Setup 'RESET'
Slack : -35.716
TNS   : -58914.426

Type  : Slow 1200mV 0C Model Hold 'RESET'
Slack : -9.714
TNS   : -9318.224

Type  : Slow 1200mV 0C Model Hold 'CLK'
Slack : -0.579
TNS   : -2.044

Type  : Slow 1200mV 0C Model Recovery 'CLK'
Slack : -0.469
TNS   : -6.405

Type  : Slow 1200mV 0C Model Recovery 'RESET'
Slack : 0.478
TNS   : 0.000

Type  : Slow 1200mV 0C Model Removal 'RESET'
Slack : -8.117
TNS   : -99.056

Type  : Slow 1200mV 0C Model Removal 'CLK'
Slack : -0.714
TNS   : -16.214

Type  : Slow 1200mV 0C Model Minimum Pulse Width 'RESET'
Slack : -7.202
TNS   : -93993.548

Type  : Slow 1200mV 0C Model Minimum Pulse Width 'CLK'
Slack : -3.000
TNS   : -178.375

Type  : Fast 1200mV 0C Model Setup 'CLK'
Slack : -18.034
TNS   : -1740.273

Type  : Fast 1200mV 0C Model Setup 'RESET'
Slack : -16.775
TNS   : -27593.021

Type  : Fast 1200mV 0C Model Hold 'RESET'
Slack : -4.860
TNS   : -4389.532

Type  : Fast 1200mV 0C Model Hold 'CLK'
Slack : -0.668
TNS   : -7.652

Type  : Fast 1200mV 0C Model Recovery 'CLK'
Slack : -0.143
TNS   : -1.198

Type  : Fast 1200mV 0C Model Recovery 'RESET'
Slack : 0.332
TNS   : 0.000

Type  : Fast 1200mV 0C Model Removal 'RESET'
Slack : -3.735
TNS   : -45.800

Type  : Fast 1200mV 0C Model Removal 'CLK'
Slack : -0.671
TNS   : -34.219

Type  : Fast 1200mV 0C Model Minimum Pulse Width 'RESET'
Slack : -3.544
TNS   : -40821.492

Type  : Fast 1200mV 0C Model Minimum Pulse Width 'CLK'
Slack : -3.000
TNS   : -131.130

------------------------------------------------------------
