------------------------------------------------------------
Timing Analyzer Summary
------------------------------------------------------------

Type  : Slow 1200mV 85C Model Setup 'CLK'
Slack : -36.878
TNS   : -3992.521

Type  : Slow 1200mV 85C Model Setup 'RESET'
Slack : -36.526
TNS   : -61615.654

Type  : Slow 1200mV 85C Model Hold 'RESET'
Slack : -2.861
TNS   : -22.046

Type  : Slow 1200mV 85C Model Hold 'CLK'
Slack : 0.341
TNS   : 0.000

Type  : Slow 1200mV 85C Model Recovery 'CLK'
Slack : -5.810
TNS   : -191.310

Type  : Slow 1200mV 85C Model Recovery 'RESET'
Slack : -4.564
TNS   : -57.042

Type  : Slow 1200mV 85C Model Removal 'RESET'
Slack : -2.104
TNS   : -17.820

Type  : Slow 1200mV 85C Model Removal 'CLK'
Slack : 0.988
TNS   : 0.000

Type  : Slow 1200mV 85C Model Minimum Pulse Width 'RESET'
Slack : -6.682
TNS   : -82394.607

Type  : Slow 1200mV 85C Model Minimum Pulse Width 'CLK'
Slack : -3.000
TNS   : -200.823

Type  : Slow 1200mV 0C Model Setup 'CLK'
Slack : -34.303
TNS   : -3701.081

Type  : Slow 1200mV 0C Model Setup 'RESET'
Slack : -33.881
TNS   : -57277.438

Type  : Slow 1200mV 0C Model Hold 'RESET'
Slack : -2.945
TNS   : -22.455

Type  : Slow 1200mV 0C Model Hold 'CLK'
Slack : 0.305
TNS   : 0.000

Type  : Slow 1200mV 0C Model Recovery 'CLK'
Slack : -5.238
TNS   : -165.895

Type  : Slow 1200mV 0C Model Recovery 'RESET'
Slack : -4.329
TNS   : -54.134

Type  : Slow 1200mV 0C Model Removal 'RESET'
Slack : -1.994
TNS   : -16.955

Type  : Slow 1200mV 0C Model Removal 'CLK'
Slack : 0.922
TNS   : 0.000

Type  : Slow 1200mV 0C Model Minimum Pulse Width 'RESET'
Slack : -6.366
TNS   : -74940.173

Type  : Slow 1200mV 0C Model Minimum Pulse Width 'CLK'
Slack : -3.000
TNS   : -200.823

Type  : Fast 1200mV 0C Model Setup 'CLK'
Slack : -16.435
TNS   : -1762.920

Type  : Fast 1200mV 0C Model Setup 'RESET'
Slack : -16.085
TNS   : -27035.765

Type  : Fast 1200mV 0C Model Hold 'RESET'
Slack : -0.879
TNS   : -6.203

Type  : Fast 1200mV 0C Model Hold 'CLK'
Slack : 0.148
TNS   : 0.000

Type  : Fast 1200mV 0C Model Recovery 'CLK'
Slack : -2.902
TNS   : -92.266

Type  : Fast 1200mV 0C Model Recovery 'RESET'
Slack : -1.819
TNS   : -21.119

Type  : Fast 1200mV 0C Model Removal 'RESET'
Slack : -0.750
TNS   : -5.818

Type  : Fast 1200mV 0C Model Removal 'CLK'
Slack : 0.173
TNS   : 0.000

Type  : Fast 1200mV 0C Model Minimum Pulse Width 'RESET'
Slack : -3.278
TNS   : -30699.729

Type  : Fast 1200mV 0C Model Minimum Pulse Width 'CLK'
Slack : -3.000
TNS   : -151.357

------------------------------------------------------------
