------------------------------------------------------------
Timing Analyzer Summary
------------------------------------------------------------

Type  : Slow 1200mV 85C Model Setup 'sensa_boton:inst9|RELOJ'
Slack : -2.037
TNS   : -23.878

Type  : Slow 1200mV 85C Model Setup 'CLK'
Slack : 0.178
TNS   : 0.000

Type  : Slow 1200mV 85C Model Hold 'CLK'
Slack : 0.432
TNS   : 0.000

Type  : Slow 1200mV 85C Model Hold 'sensa_boton:inst9|RELOJ'
Slack : 0.663
TNS   : 0.000

Type  : Slow 1200mV 85C Model Minimum Pulse Width 'CLK'
Slack : -3.000
TNS   : -5.806

Type  : Slow 1200mV 85C Model Minimum Pulse Width 'sensa_boton:inst9|RELOJ'
Slack : -1.403
TNS   : -22.448

Type  : Slow 1200mV 0C Model Setup 'sensa_boton:inst9|RELOJ'
Slack : -1.796
TNS   : -20.915

Type  : Slow 1200mV 0C Model Setup 'CLK'
Slack : 0.250
TNS   : 0.000

Type  : Slow 1200mV 0C Model Hold 'CLK'
Slack : 0.398
TNS   : 0.000

Type  : Slow 1200mV 0C Model Hold 'sensa_boton:inst9|RELOJ'
Slack : 0.620
TNS   : 0.000

Type  : Slow 1200mV 0C Model Minimum Pulse Width 'CLK'
Slack : -3.000
TNS   : -5.806

Type  : Slow 1200mV 0C Model Minimum Pulse Width 'sensa_boton:inst9|RELOJ'
Slack : -1.403
TNS   : -22.448

Type  : Fast 1200mV 0C Model Setup 'sensa_boton:inst9|RELOJ'
Slack : -0.272
TNS   : -2.908

Type  : Fast 1200mV 0C Model Setup 'CLK'
Slack : 0.640
TNS   : 0.000

Type  : Fast 1200mV 0C Model Hold 'CLK'
Slack : 0.164
TNS   : 0.000

Type  : Fast 1200mV 0C Model Hold 'sensa_boton:inst9|RELOJ'
Slack : 0.253
TNS   : 0.000

Type  : Fast 1200mV 0C Model Minimum Pulse Width 'CLK'
Slack : -3.000
TNS   : -5.070

Type  : Fast 1200mV 0C Model Minimum Pulse Width 'sensa_boton:inst9|RELOJ'
Slack : -1.000
TNS   : -16.000

------------------------------------------------------------
